// Jest Snapshot v1, https://goo.gl/fbAQLP

exports[`Tag view match snapshot 1`] = `
<ul
  className="list-inline"
>
  <li
    key="1"
  >
    <TagCategory
      categoryTruncate={[Function]}
      key="1"
      onTagDeleteClick={[MockFunction]}
      tagCategory={
        Object {
          "description": "Name",
          "id": 1,
        }
      }
      valueTruncate={[Function]}
      values={
        Array [
          Object {
            "description": "Pepa",
            "id": 11,
          },
        ]
      }
    />
  </li>
</ul>
`;
