// Jest Snapshot v1, https://goo.gl/fbAQLP

exports[`Tag Component match snapshot 1`] = `
<Tag
  onTagDeleteClick={[Function]}
  tagCategory={
    Object {
      "description": "animal",
      "id": 1,
    }
  }
  tagValue={
    Object {
      "description": "duck",
      "id": 1,
    }
  }
>
<<<<<<< HEAD
  <li
    className="tag"
    key="1"
  >
    <Label
      bsStyle="primary"
      className="tagColor"
      key="1"
      onRemoveClick={[Function]}
      type="default"
=======
  <span
    className="tagColor label label-primary"
    onBlur={[Function]}
    onClick={null}
    onFocus={[Function]}
    onMouseOut={[Function]}
    onMouseOver={[Function]}
  >
    <a
      className="pf-remove-button"
      href="#"
      onClick={[Function]}
>>>>>>> Change tests
    >
      <Label
        bsClass="label"
        bsStyle="primary"
        className="tagColor"
      >
        <span
          className="tagColor label label-primary"
        >
          duck
          <RemoveButton
            className=""
            onRemoveClick={[Function]}
            title="Remove"
          >
            <a
              className="pf-remove-button"
              href="#"
              onClick={[Function]}
            >
              <span
                aria-hidden="true"
                className="pficon pficon-close"
              />
              <span
                className="sr-only"
              >
                Remove
              </span>
            </a>
          </RemoveButton>
        </span>
      </Label>
    </Label>
  </li>
</Tag>
`;
