// Jest Snapshot v1, https://goo.gl/fbAQLP

exports[`TagCategory Component match snapshot 1`] = `
<TagCategory
  onTagDeleteClick={[Function]}
  tagCategory={
    Object {
      "description": "animal",
      "id": 1,
    }
  }
  tagValues={
    Array [
      Object {
        "description": "duck",
        "id": 1,
      },
      Object {
        "description": "lion",
        "id": 2,
      },
    ]
  }
>
  <ul
    className="tag-category list-inline"
  >
    <div
      className="category-label"
    >
      animal
    </div>
    <Tag
      key="1"
      onTagDeleteClick={[Function]}
      tagCategory={
        Object {
          "description": "animal",
          "id": 1,
        }
      }
      tagValue={
        Object {
          "description": "duck",
          "id": 1,
        }
      }
    >
      <li
        className="tag"
        key="1"
      >
        <Label
          bsStyle="primary"
          className="tagColor"
          key="1"
          onRemoveClick={[Function]}
          type="default"
        >
          <Label
            bsClass="label"
            bsStyle="primary"
            className="tagColor"
          >
            <span
              className="tagColor label label-primary"
            >
              duck
              <RemoveButton
                className=""
                onRemoveClick={[Function]}
                title="Remove"
              >
                <a
                  className="pf-remove-button"
                  href="#"
                  onClick={[Function]}
                >
                  <span
                    aria-hidden="true"
                    className="pficon pficon-close"
                  />
                  <span
                    className="sr-only"
                  >
                    Remove
                  </span>
                </a>
              </RemoveButton>
            </span>
          </Label>
        </Label>
      </li>
    </Tag>
    <Tag
      key="2"
      onTagDeleteClick={[Function]}
      tagCategory={
        Object {
          "description": "animal",
          "id": 1,
        }
      }
      tagValue={
        Object {
          "description": "lion",
          "id": 2,
        }
      }
    >
      <li
        className="tag"
        key="2"
      >
        <Label
          bsStyle="primary"
          className="tagColor"
          key="2"
          onRemoveClick={[Function]}
          type="default"
        >
          <Label
            bsClass="label"
            bsStyle="primary"
            className="tagColor"
          >
            <span
              className="tagColor label label-primary"
            >
              lion
              <RemoveButton
                className=""
                onRemoveClick={[Function]}
                title="Remove"
              >
                <a
                  className="pf-remove-button"
                  href="#"
                  onClick={[Function]}
                >
                  <span
                    aria-hidden="true"
                    className="pficon pficon-close"
                  />
                  <span
                    className="sr-only"
                  >
                    Remove
                  </span>
                </a>
              </RemoveButton>
            </span>
          </Label>
        </Label>
      </li>
    </Tag>
  </ul>
</TagCategory>
`;
