// Jest Snapshot v1, https://goo.gl/fbAQLP

exports[`Tagging modifier match snapshot 1`] = `
<StateManager
  className="final-form-select"
  clearable={false}
  defaultInputValue=""
  defaultMenuIsOpen={false}
  defaultValue={null}
  filterOptions={[Function]}
  name="form-field-name"
  onChange={[Function]}
  optionClassName="selected-option final-form-select-option"
  options={
    Array [
      Object {
        "keyWord": "name",
        "label": "Name",
        "value": 1,
      },
      Object {
        "keyWord": "number",
        "label": "Number",
        "value": 2,
      },
    ]
  }
  placeholder="Select tag category"
  styles={
    Object {
      "clearIndicator": [Function],
      "container": [Function],
      "control": [Function],
      "dropdownIndicator": [Function],
      "indicatorSeparator": [Function],
      "indicatorsContainer": [Function],
      "input": [Function],
      "menu": [Function],
      "multiValue": [Function],
      "multiValueLabel": [Function],
      "multiValueRemove": [Function],
      "option": [Function],
      "placeholder": [Function],
      "singleValue": [Function],
      "valueContainer": [Function],
    }
  }
  value={
    Object {
      "label": "Homer",
      "value": 1,
    }
  }
/>
`;
