// Jest Snapshot v1, https://goo.gl/fbAQLP

exports[`Tag view match snapshot 1`] = `
<React.Fragment>
  <Row
    bsClass="row"
    componentClass="div"
  >
    <Col
      bsClass="col"
      componentClass="div"
      lg={12}
    >
      <h2>
        Assigned tags
      </h2>
    </Col>
  </Row>
  <Row
    bsClass="row"
    componentClass="div"
  >
    <Col
      bsClass="col"
      componentClass="div"
      lg={12}
    >
      <ul
        className="list-inline"
      >
        <TagCategory
          categoryTruncate={[Function]}
          key="1"
          onTagDeleteClick={[MockFunction]}
          tagCategory={
            Object {
              "description": "Name",
              "id": 1,
            }
          }
          valueTruncate={[Function]}
          values={
            Array [
              Object {
                "description": "Pepa",
                "id": 11,
              },
            ]
          }
        />
      </ul>
    </Col>
  </Row>
</React.Fragment>
`;
