// Jest Snapshot v1, https://goo.gl/fbAQLP

exports[`match snapshot 1`] = `
<StateManager
  clearable={false}
  defaultInputValue=""
  defaultMenuIsOpen={false}
  defaultValue={null}
  ignoreCase={true}
  label="Obelix"
  name="form-field-name"
  onChange={[Function]}
  options={
    Array [
      Object {
        "label": "Asterix",
        "value": 1,
      },
      Object {
        "label": "Obelix",
        "value": 2,
      },
    ]
  }
  value={2}
/>
`;

exports[`match snapshot without multiple values 1`] = `
<StateManager
  clearable={false}
  defaultInputValue=""
  defaultMenuIsOpen={false}
  defaultValue={null}
  ignoreCase={true}
  label="Obelix"
  name="form-field-name"
  onChange={[Function]}
  options={
    Array [
      Object {
        "label": "Asterix",
        "value": 1,
      },
      Object {
        "label": "Obelix",
        "value": 2,
      },
    ]
  }
  value={2}
/>
`;
